// Jest Snapshot v1, https://goo.gl/fbAQLP

exports[`Header component matches snapshot 1`] = `
<header
  data-testid="header"
>
  <span
    className="back"
  >
    <a
      href="/"
      onClick={[Function]}
    >
      Â«
    </a>
  </span>
  <span>
    Statistics
  </span>
  <div>
    <img
      alt="Microphone"
      src="images/microphone.png"
    />
    <img
      alt="Settings"
      src="images/settings.png"
    />
  </div>
</header>
`;
